JWlink Version 1.9beta 13
Portions Copyright (c) 1985-2002 Sybase, Inc. All Rights Reserved.
Created on:       15/11/14 08:24:34
Executable Image: p7.exe
creating a DOS executable


                        +------------+
                        |   Groups   |
                        +------------+

Group                           Address              Size
=====                           =======              ====

DGROUP                          0016:0002            0000022e



                        +--------------+
                        |   Segments   |
                        +--------------+

Segment                Class          Group          Address         Size
=======                =====          =====          =======         ====

_TEXT                  CODE           AUTO           0000:0000       00000162
_DATA                  DATA           DGROUP         0016:0002       0000001f
STACK                  STACK          DGROUP         0019:0000       00000200


                        +----------------+
                        |   Memory Map   |
                        +----------------+

* = unreferenced symbol
+ = symbol only referenced locally

Address        Symbol
=======        ======



                        +--------------------+
                        |   Libraries Used   |
                        +--------------------+



                        +-----------------------+
                        |   Linker Statistics   |
                        +-----------------------+

Stack size:  0200 (512.)
Memory size:  0390 (912.)
Entry point address: 0000:0000
Link time: 00:00.00
