JWlink Version 1.9beta 13
Portions Copyright (c) 1985-2002 Sybase, Inc. All Rights Reserved.
Created on:       15/10/14 08:01:50
Executable Image: .\p5.exe
creating a DOS executable


                        +------------+
                        |   Groups   |
                        +------------+

Group                           Address              Size
=====                           =======              ====

DGROUP                          0004:0004            0000025c



                        +--------------+
                        |   Segments   |
                        +--------------+

Segment                Class          Group          Address         Size
=======                =====          =====          =======         ====

_TEXT                  CODE           AUTO           0000:0000       00000043
_DATA                  DATA           DGROUP         0004:0004       0000005b
STACK                  STACK          DGROUP         000a:0000       00000200


                        +----------------+
                        |   Memory Map   |
                        +----------------+

* = unreferenced symbol
+ = symbol only referenced locally

Address        Symbol
=======        ======



                        +--------------------+
                        |   Libraries Used   |
                        +--------------------+



                        +-----------------------+
                        |   Linker Statistics   |
                        +-----------------------+

Stack size:  0200 (512.)
Memory size:  02a0 (672.)
Entry point address: 0000:0000
Link time: 00:00.16
