JWasm v2.11, Oct 20 2013
.\average.asm
                                ; **************************************************************
                                ;       Program: Program 3, Average
                                ;   Description: This program averages 5 numbers from keyboard input
                                ;        Author: Sam Henry
                                ;          Date: October 9, 2015
                                ; Help Received: None
                                ; **************************************************************

                                include irvine16.inc    ; Include Irvine's code definitions.
                              C ; Irvine16.inc - Include file for programs using
                              C ; the Irvine16.lib (Real-address mode library).
                              C 
                              C ; Last update: 7/29/05
                              C 
                              C .LIST

                                .code
00000000                        main proc
00000000  B80000                        mov  ax, DGROUP          ; @data is the data segment that DOS sets up.
00000003  8ED8                          mov  ds, ax             ; These two lines are required for all programs
                                				
00000005  B300                  		mov bl, 0				; Clear the sum register
00000007  B000                  		mov al, 0				; Clear the keyboard input register
00000009  66B905000000          		mov ecx, 5				; Set the loop counter to loop 5 times, reading and adding 5 characters
                                		
0000000F  E81000                		call sum				; Call the method that reads and adds 5 characters from the keyboard
                                		
00000012  0FB6C3                		movzx ax, bl			; Move the sum into the ax register for dividing (dividend)
00000015  B305                  		mov bl, 5				; Set the divisor
                                		
00000017  F6F3                  		div bl					; Divide ax by bl
00000019  B400                  		mov ah, 0				; Clear any remainder from the dividing
                                		
0000001B  E80000                		call WriteInt			; Print the average (al) to the screen

                                        .EXIT                    ; Terminate the program.
00000022                        main endp

                                ; Loops and reads a character from the keyboard, adding
                                ; The number to the bl register (sum)
                                ; Receiving ecx for looping
                                ; Returns the sum in bl
                                ; Requires the loop variable (ecx) to be set
                                ; Clobbers ax and bl
00000022                        sum proc
00000022  B410                  		mov ah, 10h				; Sets the interrupt to read a character
00000024  CD16                  		int 16h					; Read a character from the keyboard
00000026  2C30                  		sub al, 30h				; Convert the ASCII value to decimal (ASCII - 48 or 30h)
00000028  02D8                  		add bl, al				; Add the number to the total sum, bl
0000002A  E2F6                  		loopw sum				; Add the next character from keyboard until ecx == 0
0000002C                        		ret						; Go back to the main method
0000002D                        sum endp

                                end main


Macros:

                N a m e                 Type

@CatStr  . . . . . . . . . . . .        Func
@Environ . . . . . . . . . . . .        Func
@InStr . . . . . . . . . . . . .        Func
@SizeStr . . . . . . . . . . . .        Func
@SubStr  . . . . . . . . . . . .        Func


Structures and Unions:

                N a m e                 Size/Ofs   Type

CursorPosStruc . . . . . . . . .               2
  Ycoord . . . . . . . . . . . .               0   Byte
  Xcoord . . . . . . . . . . . .               1   Byte
ExtGetDskFreSpcStruc . . . . . .              2C
  StructSize . . . . . . . . . .               0   Word
  Level  . . . . . . . . . . . .               2   Word
  SectorsPerCluster  . . . . . .               4   DWord
  BytesPerSector . . . . . . . .               8   DWord
  AvailableClusters  . . . . . .               C   DWord
  TotalClusters  . . . . . . . .              10   DWord
  AvailablePhysSectors . . . . .              14   DWord
  TotalPhysSectors . . . . . . .              18   DWord
  AvailableAllocationUnits . . .              1C   DWord
  TotalAllocationUnits . . . . .              20   DWord
  Rsvd . . . . . . . . . . . . .              24   DWord[2]
FPU_ENVIRON  . . . . . . . . . .              1C
  controlWord  . . . . . . . . .               0   Word
  statusWord . . . . . . . . . .               4   Word
  tagWord  . . . . . . . . . . .               8   Word
  instrPtrLow  . . . . . . . . .               C   Word
  opcodeAndInstrPtrHi  . . . . .              10   DWord
  operandPtrLow  . . . . . . . .              14   Word
  operandPtrHi . . . . . . . . .              18   DWord
TimeRecord . . . . . . . . . . .               4
  hours  . . . . . . . . . . . .               0   Byte
  minutes  . . . . . . . . . . .               1   Byte
  seconds  . . . . . . . . . . .               2   Byte
  hhss . . . . . . . . . . . . .               3   Byte
VideoInfoStruc . . . . . . . . .              41
  supportedInfoPtr . . . . . . .               0   DWord
  videoMode  . . . . . . . . . .               4   Byte
  numCharColumns . . . . . . . .               5   Word
  videoBufferLen . . . . . . . .               7   Word
  videoBufferStartPtr  . . . . .               9   Word
  cursors  . . . . . . . . . . .               B   CursorPosStruc[8]
  cursorStartLine  . . . . . . .              1B   Byte
  cursorEndLine  . . . . . . . .              1C   Byte
  activeDisplayPage  . . . . . .              1D   Byte
  adapterBasePortAddr  . . . . .              1E   Word
  currentRegister3B8or3D8  . . .              20   Byte
  currentRegister3B9or3D9  . . .              21   Byte
  numCharRows  . . . . . . . . .              22   Byte
  characterScanHeight  . . . . .              23   Word
  activeDisplayCode  . . . . . .              25   Byte
  inactiveDisplayCode  . . . . .              26   Byte
  numberOfColors . . . . . . . .              27   Word
  numberOfVideoPages . . . . . .              29   Byte
  numberOfScanLines  . . . . . .              2A   Word
  primaryCharBlock . . . . . . .              2C   Byte
  secondaryCharBlock . . . . . .              2D   Byte
  miscStateInfo  . . . . . . . .              2E   Byte
  videoMemAvail  . . . . . . . .              32   Byte
  savePointerStateInfo . . . . .              33   Byte


Segments and Groups:

                N a m e                 Size     Length   Align   Combine Class

$$SYMBOLS  . . . . . . . . . . .        32 Bit   000000DF Byte    Private 'DEBSYM'
$$TYPES  . . . . . . . . . . . .        32 Bit   00000584 Byte    Private 'DEBTYP'
_TEXT  . . . . . . . . . . . . .        16 Bit   002D     Word    Public  'CODE'
DGROUP . . . . . . . . . . . . .        GROUP
_DATA  . . . . . . . . . . . . .        16 Bit   0000     Word    Public  'DATA'
STACK  . . . . . . . . . . . . .        16 Bit   0200     Para    Stack   'STACK'


Procedures, parameters and locals:

                N a m e                 Type     Value    Segment  Length

Clrscr . . . . . . . . . . . . .        P Near16 0000     No Seg   0000 *External STDCALL
Crlf . . . . . . . . . . . . . .        P Near16 0000     No Seg   0000 *External STDCALL
Delay  . . . . . . . . . . . . .        P Near16 0000     No Seg   0000 *External STDCALL
DumpMem  . . . . . . . . . . . .        P Near16 0000     No Seg   0000 *External STDCALL
DumpRegs . . . . . . . . . . . .        P Near16 0000     No Seg   0000 *External STDCALL
GetCommandtail . . . . . . . . .        P Near16 0000     No Seg   0000 *External STDCALL
GetMaxXY . . . . . . . . . . . .        P Near16 0000     No Seg   0000 *External STDCALL
GetMseconds  . . . . . . . . . .        P Near16 0000     No Seg   0000 *External STDCALL
Gotoxy . . . . . . . . . . . . .        P Near16 0000     No Seg   0000 *External STDCALL
IsDigit  . . . . . . . . . . . .        P Near16 0000     No Seg   0000 *External STDCALL
Random32 . . . . . . . . . . . .        P Near16 0000     No Seg   0000 *External STDCALL
RandomRange  . . . . . . . . . .        P Near16 0000     No Seg   0000 *External STDCALL
Randomize  . . . . . . . . . . .        P Near16 0000     No Seg   0000 *External STDCALL
ReadChar . . . . . . . . . . . .        P Near16 0000     No Seg   0000 *External STDCALL
ReadFloat  . . . . . . . . . . .        P Near16 0000     No Seg   0000 *External STDCALL
ReadHex  . . . . . . . . . . . .        P Near16 0000     No Seg   0000 *External STDCALL
ReadInt  . . . . . . . . . . . .        P Near16 0000     No Seg   0000 *External STDCALL
ReadString . . . . . . . . . . .        P Near16 0000     No Seg   0000 *External STDCALL
SetTextColor . . . . . . . . . .        P Near16 0000     No Seg   0000 *External STDCALL
ShowFPUStack . . . . . . . . . .        P Near16 0000     No Seg   0000 *External STDCALL
Str_compare  . . . . . . . . . .        P Near16 0000     No Seg   0000 *External STDCALL
Str_copy . . . . . . . . . . . .        P Near16 0000     No Seg   0000 *External STDCALL
Str_length . . . . . . . . . . .        P Near16 0000     No Seg   0000 *External STDCALL
Str_trim . . . . . . . . . . . .        P Near16 0000     No Seg   0000 *External STDCALL
Str_ucase  . . . . . . . . . . .        P Near16 0000     No Seg   0000 *External STDCALL
WaitMsg  . . . . . . . . . . . .        P Near16 0000     No Seg   0000 *External STDCALL
WriteBin . . . . . . . . . . . .        P Near16 0000     No Seg   0000 *External STDCALL
WriteBinB  . . . . . . . . . . .        P Near16 0000     No Seg   0000 *External STDCALL
WriteChar  . . . . . . . . . . .        P Near16 0000     No Seg   0000 *External STDCALL
WriteDec . . . . . . . . . . . .        P Near16 0000     No Seg   0000 *External STDCALL
WriteFloat . . . . . . . . . . .        P Near16 0000     No Seg   0000 *External STDCALL
WriteHex . . . . . . . . . . . .        P Near16 0000     No Seg   0000 *External STDCALL
WriteHexB  . . . . . . . . . . .        P Near16 0000     No Seg   0000 *External STDCALL
WriteInt . . . . . . . . . . . .        P Near16 0000     No Seg   0000 External  STDCALL
WriteString  . . . . . . . . . .        P Near16 0000     No Seg   0000 *External STDCALL
main . . . . . . . . . . . . . .        P Near   0000     _TEXT    0022 Private  STDCALL
sum  . . . . . . . . . . . . . .        P Near   0022     _TEXT    000B Private  STDCALL


Symbols:

                N a m e                 Type       Value     Attr

@CodeSize  . . . . . . . . . . .        Number             0h 
@DataSize  . . . . . . . . . . .        Number             0h 
@Interface . . . . . . . . . . .        Number             3h 
@Model . . . . . . . . . . . . .        Number             2h 
@cmdline . . . . . . . . . . . .        Text   OFFSET __98765765cmdline
@code  . . . . . . . . . . . . .        Text   _TEXT
@data  . . . . . . . . . . . . .        Text   DGROUP
@stack . . . . . . . . . . . . .        Text   DGROUP
ACTION_CREATED_OPENED  . . . . .        Number             2h 
ACTION_OPENED  . . . . . . . . .        Number             1h 
ACTION_REPLACED_OPENED . . . . .        Number             3h 
FILE_CREATE  . . . . . . . . . .        Number            10h 
FILE_OPEN  . . . . . . . . . . .        Number             1h 
FILE_TRUNCATE  . . . . . . . . .        Number             2h 
LIGHT_BLUE . . . . . . . . . . .        Number             9h 
LIGHT_CYAN . . . . . . . . . . .        Number             Bh 
LIGHT_GRAY . . . . . . . . . . .        Number             7h 
LIGHT_GREEN  . . . . . . . . . .        Number             Ah 
LIGHT_MAGENTA  . . . . . . . . .        Number             Dh 
LIGHT_RED  . . . . . . . . . . .        Number             Ch 
OPEN_ACCESS_READONLY . . . . . .        Number             0h 
OPEN_ACCESS_READWRITE  . . . . .        Number             2h 
OPEN_ACCESS_RO_NOMODLASTACCESS .        Number             4h 
OPEN_ACCESS_WRITEONLY  . . . . .        Number             1h 
OPEN_FLAGS_ALIAS_HINT  . . . . .        Number           400h 
OPEN_FLAGS_COMMIT  . . . . . . .        Number          4000h 
OPEN_FLAGS_NOCRITERR . . . . . .        Number          2000h 
OPEN_FLAGS_NOINHERIT . . . . . .        Number            80h 
OPEN_FLAGS_NO_BUFFERING  . . . .        Number           100h 
OPEN_FLAGS_NO_COMPRESS . . . . .        Number           200h 
OPEN_SHARE_COMPATIBLE  . . . . .        Number             0h 
OPEN_SHARE_DENYNONE  . . . . . .        Number            40h 
OPEN_SHARE_DENYREAD  . . . . . .        Number            30h 
OPEN_SHARE_DENYREADWRITE . . . .        Number            10h 
OPEN_SHARE_DENYWRITE . . . . . .        Number            20h 
_A_ARCH  . . . . . . . . . . . .        Number            20h 
_A_HIDDEN  . . . . . . . . . . .        Number             2h 
_A_NORMAL  . . . . . . . . . . .        Number             0h 
_A_RDONLY  . . . . . . . . . . .        Number             1h 
_A_SYSTEM  . . . . . . . . . . .        Number             4h 
_A_VOLID . . . . . . . . . . . .        Number             8h 
black  . . . . . . . . . . . . .        Number             0h 
blue . . . . . . . . . . . . . .        Number             1h 
brown  . . . . . . . . . . . . .        Number             6h 
cyan . . . . . . . . . . . . . .        Number             3h 
exit . . . . . . . . . . . . . .        Text   .EXIT
gray . . . . . . . . . . . . . .        Number             8h 
green  . . . . . . . . . . . . .        Number             2h 
lightBlue  . . . . . . . . . . .        Number             9h 
lightCyan  . . . . . . . . . . .        Number             Bh 
lightGray  . . . . . . . . . . .        Number             7h 
lightGreen . . . . . . . . . . .        Number             Ah 
lightMagenta . . . . . . . . . .        Number             Dh 
lightRed . . . . . . . . . . . .        Number             Ch 
magenta  . . . . . . . . . . . .        Number             5h 
red  . . . . . . . . . . . . . .        Number             4h 
white  . . . . . . . . . . . . .        Number             Fh 
yellow . . . . . . . . . . . . .        Number             Eh 

.\average.asm: 48 lines, 2 passes, 0 ms, 0 warnings, 0 errors
